// Jest Snapshot v1, https://goo.gl/fbAQLP

exports[`IdeaForm should match the snapshot 1`] = `
ShallowWrapper {
  Symbol(enzyme.__root__): [Circular],
  Symbol(enzyme.__unrendered__): <IdeaForm />,
  Symbol(enzyme.__renderer__): Object {
    "batchedUpdates": [Function],
    "getNode": [Function],
    "render": [Function],
    "simulateError": [Function],
    "simulateEvent": [Function],
    "unmount": [Function],
  },
  Symbol(enzyme.__node__): Object {
    "instance": null,
    "key": undefined,
    "nodeType": "host",
    "props": Object {
      "children": Array [
        <Connect(Header) />,
        <form
          className="idea-form"
          onSubmit={[Function]}
>
          <h1
                    className="idea--form-title"
          >
                    Create A New Idea
          </h1>
          <input
                    className="idea--title-input"
                    name="title"
                    onChange={[Function]}
                    placeholder="Title"
                    type="text"
                    value=""
          />
          <textarea
                    className="idea--body-input"
                    name="body"
                    onChange={[Function]}
                    placeholder="Description"
                    value=""
          />
          <button
                    className="idea--form-btn"
          >
                    SUBMIT
          </button>
</form>,
      ],
      "className": "app-container",
    },
    "ref": null,
    "rendered": Array [
      Object {
        "instance": null,
        "key": undefined,
        "nodeType": "class",
        "props": Object {},
        "ref": null,
        "rendered": null,
        "type": [Function],
      },
      Object {
        "instance": null,
        "key": undefined,
        "nodeType": "host",
        "props": Object {
          "children": Array [
            <h1
              className="idea--form-title"
>
              Create A New Idea
</h1>,
            <input
              className="idea--title-input"
              name="title"
              onChange={[Function]}
              placeholder="Title"
              type="text"
              value=""
/>,
            <textarea
              className="idea--body-input"
              name="body"
              onChange={[Function]}
              placeholder="Description"
              value=""
/>,
            <button
              className="idea--form-btn"
>
              SUBMIT
</button>,
          ],
          "className": "idea-form",
          "onSubmit": [Function],
        },
        "ref": null,
        "rendered": Array [
          Object {
            "instance": null,
            "key": undefined,
            "nodeType": "host",
            "props": Object {
              "children": "Create A New Idea",
              "className": "idea--form-title",
            },
            "ref": null,
            "rendered": "Create A New Idea",
            "type": "h1",
          },
          Object {
            "instance": null,
            "key": undefined,
            "nodeType": "host",
            "props": Object {
              "className": "idea--title-input",
              "name": "title",
              "onChange": [Function],
              "placeholder": "Title",
              "type": "text",
              "value": "",
            },
            "ref": null,
            "rendered": null,
            "type": "input",
          },
          Object {
            "instance": null,
            "key": undefined,
            "nodeType": "host",
            "props": Object {
              "className": "idea--body-input",
              "name": "body",
              "onChange": [Function],
              "placeholder": "Description",
              "value": "",
            },
            "ref": null,
            "rendered": null,
            "type": "textarea",
          },
          Object {
            "instance": null,
            "key": undefined,
            "nodeType": "host",
            "props": Object {
              "children": "SUBMIT",
              "className": "idea--form-btn",
            },
            "ref": null,
            "rendered": "SUBMIT",
            "type": "button",
          },
        ],
        "type": "form",
      },
    ],
    "type": "div",
  },
  Symbol(enzyme.__nodes__): Array [
    Object {
      "instance": null,
      "key": undefined,
      "nodeType": "host",
      "props": Object {
        "children": Array [
          <Connect(Header) />,
          <form
            className="idea-form"
            onSubmit={[Function]}
>
            <h1
                        className="idea--form-title"
            >
                        Create A New Idea
            </h1>
            <input
                        className="idea--title-input"
                        name="title"
                        onChange={[Function]}
                        placeholder="Title"
                        type="text"
                        value=""
            />
            <textarea
                        className="idea--body-input"
                        name="body"
                        onChange={[Function]}
                        placeholder="Description"
                        value=""
            />
            <button
                        className="idea--form-btn"
            >
                        SUBMIT
            </button>
</form>,
        ],
        "className": "app-container",
      },
      "ref": null,
      "rendered": Array [
        Object {
          "instance": null,
          "key": undefined,
          "nodeType": "class",
          "props": Object {},
          "ref": null,
          "rendered": null,
          "type": [Function],
        },
        Object {
          "instance": null,
          "key": undefined,
          "nodeType": "host",
          "props": Object {
            "children": Array [
              <h1
                className="idea--form-title"
>
                Create A New Idea
</h1>,
              <input
                className="idea--title-input"
                name="title"
                onChange={[Function]}
                placeholder="Title"
                type="text"
                value=""
/>,
              <textarea
                className="idea--body-input"
                name="body"
                onChange={[Function]}
                placeholder="Description"
                value=""
/>,
              <button
                className="idea--form-btn"
>
                SUBMIT
</button>,
            ],
            "className": "idea-form",
            "onSubmit": [Function],
          },
          "ref": null,
          "rendered": Array [
            Object {
              "instance": null,
              "key": undefined,
              "nodeType": "host",
              "props": Object {
                "children": "Create A New Idea",
                "className": "idea--form-title",
              },
              "ref": null,
              "rendered": "Create A New Idea",
              "type": "h1",
            },
            Object {
              "instance": null,
              "key": undefined,
              "nodeType": "host",
              "props": Object {
                "className": "idea--title-input",
                "name": "title",
                "onChange": [Function],
                "placeholder": "Title",
                "type": "text",
                "value": "",
              },
              "ref": null,
              "rendered": null,
              "type": "input",
            },
            Object {
              "instance": null,
              "key": undefined,
              "nodeType": "host",
              "props": Object {
                "className": "idea--body-input",
                "name": "body",
                "onChange": [Function],
                "placeholder": "Description",
                "value": "",
              },
              "ref": null,
              "rendered": null,
              "type": "textarea",
            },
            Object {
              "instance": null,
              "key": undefined,
              "nodeType": "host",
              "props": Object {
                "children": "SUBMIT",
                "className": "idea--form-btn",
              },
              "ref": null,
              "rendered": "SUBMIT",
              "type": "button",
            },
          ],
          "type": "form",
        },
      ],
      "type": "div",
    },
  ],
  Symbol(enzyme.__options__): Object {
    "adapter": ReactSixteenAdapter {
      "options": Object {
        "enableComponentDidUpdateOnSetState": true,
        "lifecycles": Object {
          "componentDidUpdate": Object {
            "onSetState": true,
          },
          "getDerivedStateFromProps": true,
          "getSnapshotBeforeUpdate": true,
          "setState": Object {
            "skipsComponentDidUpdateOnNullish": true,
          },
        },
      },
    },
    "attachTo": undefined,
    "disableLifecycleMethods": true,
    "hydrateIn": undefined,
  },
}
`;
